// Jest Snapshot v1, https://goo.gl/fbAQLP

exports[`MyComponent should render correctly in "debug" mode 1`] = `
<ForwardRef(SafeAreaView)
  style={
    Object {
      "backgroundColor": "white",
      "borderRadius": 10,
      "marginHorizontal": "5%",
      "marginTop": 20,
    }
  }
>
  <View>
    <ActivityIndicator
      animating={true}
      color="#999999"
      hidesWhenStopped={true}
      size="small"
    />
    <Text>
      Pie
    </Text>
  </View>
</ForwardRef(SafeAreaView)>
`;
